> Task :clean UP-TO-DATE
> Task :app:clean
> Task :app:preBuild UP-TO-DATE
> Task :app:preDebugBuild UP-TO-DATE
> Task :app:mergeDebugNativeDebugMetadata NO-SOURCE
> Task :app:checkKotlinGradlePluginConfigurationErrors
> Task :app:generateDebugResValues
> Task :app:dataBindingMergeDependencyArtifactsDebug
> Task :app:generateDebugResources
> Task :app:mergeDebugResources
> Task :app:packageDebugResources
> Task :app:generateDebugBuildConfig
> Task :app:parseDebugLocalResources
> Task :app:checkDebugAarMetadata
> Task :app:dataBindingGenBaseClassesDebug
> Task :app:mapDebugSourceSetPaths
> Task :app:createDebugCompatibleScreenManifests
> Task :app:extractDeepLinksDebug
> Task :app:processDebugMainManifest
> Task :app:processDebugManifest
> Task :app:javaPreCompileDebug
> Task :app:mergeDebugShaders
> Task :app:compileDebugShaders NO-SOURCE
> Task :app:generateDebugAssets UP-TO-DATE
> Task :app:mergeDebugAssets
> Task :app:compressDebugAssets
> Task :app:desugarDebugFileDependencies
> Task :app:mergeDebugJniLibFolders
> Task :app:checkDebugDuplicateClasses
> Task :app:mergeDebugNativeLibs
> Task :app:processDebugManifestForPackage
> Task :app:mergeLibDexDebug

> Task :app:stripDebugDebugSymbols
Unable to strip the following libraries, packaging them as they are: libbarhopper_v3.so, libimage_processing_util_jni.so.

> Task :app:validateSigningDebug
> Task :app:writeDebugAppMetadata
> Task :app:writeDebugSigningConfigVersions
> Task :app:processDebugResources
> Task :app:mergeExtDexDebug
> Task :app:kaptGenerateStubsDebugKotlin

> Task :app:kaptDebugKotlin
C:\Users\dell\Desktop\jayma\app\build\tmp\kapt3\stubs\debug\com\jayma\pos\data\local\entities\DraftDetailEntity.java:5: warning: draftLocalId column references a foreign key but it is not part of an index. This may trigger full table scans whenever parent table is modified so you are highly advised to create an index that covers this column.
public final class DraftDetailEntity {
             ^

> Task :app:compileDebugKotlin FAILED
.\gradlew.bat : e: file:///C:/Users/dell/Desktop/jayma/app/src/main/java/com/jayma/pos/sync/ProductSyncWorker.kt:32:20 
'return' is not allowed here
At C:\Users\dell\AppData\Local\Temp\ps-script-ae78154f-1904-43a5-a263-c84b3f4e362d.ps1:83 char:1
+ .\gradlew.bat clean assembleDebug 2>&1 | Tee-Object -FilePath "build_ ...
+ ~~~~~~~~~~~~~~~~~~~~~~~~~~~~~~~~~~~~~~
    + CategoryInfo          : NotSpecified: (e: file:///C:/U...ot allowed here:String) [], RemoteException
    + FullyQualifiedErrorId : NativeCommandError
 
e: file:///C:/Users/dell/Desktop/jayma/app/src/main/java/com/jayma/pos/sync/SaleUploadWorker.kt:33:17 'return' is not 
allowed here
e: file:///C:/Users/dell/Desktop/jayma/app/src/main/java/com/jayma/pos/ui/cart/CartFragment.kt:26:39 Unresolved 
reference: CartAdapter
e: file:///C:/Users/dell/Desktop/jayma/app/src/main/java/com/jayma/pos/ui/cart/CartFragment.kt:49:23 Unresolved 
reference: CartAdapter
e: file:///C:/Users/dell/Desktop/jayma/app/src/main/java/com/jayma/pos/ui/cart/CartFragment.kt:50:34 Cannot infer a 
type for this parameter. Please specify it explicitly.
e: file:///C:/Users/dell/Desktop/jayma/app/src/main/java/com/jayma/pos/ui/cart/CartFragment.kt:50:45 Cannot infer a 
type for this parameter. Please specify it explicitly.
e: file:///C:/Users/dell/Desktop/jayma/app/src/main/java/com/jayma/pos/ui/cart/CartFragment.kt:53:30 Cannot infer a 
type for this parameter. Please specify it explicitly.
e: file:///C:/Users/dell/Desktop/jayma/app/src/main/java/com/jayma/pos/ui/products/ProductDetailFragment.kt:25:23 
Unresolved reference: ProductDetailFragmentArgs
e: file:///C:/Users/dell/Desktop/jayma/app/src/main/java/com/jayma/pos/ui/products/ProductDetailFragment.kt:25:52 Not 
enough information to infer type variable Args
e: file:///C:/Users/dell/Desktop/jayma/app/src/main/java/com/jayma/pos/ui/products/ProductDetailFragment.kt:25:52 
Property delegate must have a 'getValue(ProductDetailFragment, KProperty<*>)' method. None of the following functions 
is suitable: 
public inline operator fun <T> Lazy<???>.getValue(thisRef: Any?, property: KProperty<*>): ??? defined in kotlin
e: file:///C:/Users/dell/Desktop/jayma/app/src/main/java/com/jayma/pos/ui/scanner/BarcodeScannerFragment.kt:24:27 
Unresolved reference: tasks
e: file:///C:/Users/dell/Desktop/jayma/app/src/main/java/com/jayma/pos/ui/scanner/BarcodeScannerFragment.kt:178:59 
Unresolved reference: await
e: file:///C:/Users/dell/Desktop/jayma/app/src/main/java/com/jayma/pos/ui/viewmodel/SalesReportViewModel.kt:56:38 
Unresolved reference. None of the following candidates is applicable because of receiver type mismatch: 
public fun <T> Array<out TypeVariable(T)>.first(): TypeVariable(T) defined in kotlin.collections
public inline fun <T> Array<out TypeVariable(T)>.first(predicate: (TypeVariable(T)) -> Boolean): TypeVariable(T) 
defined in kotlin.collections
public fun BooleanArray.first(): Boolean defined in kotlin.collections
public inline fun BooleanArray.first(predicate: (Boolean) -> Boolean): Boolean defined in kotlin.collections
public fun ByteArray.first(): Byte defined in kotlin.collections
public inline fun ByteArray.first(predicate: (Byte) -> Boolean): Byte defined in kotlin.collections
public fun CharArray.first(): Char defined in kotlin.collections
public inline fun CharArray.first(predicate: (Char) -> Boolean): Char defined in kotlin.collections
public fun CharSequence.first(): Char defined in kotlin.text
public inline fun CharSequence.first(predicate: (Char) -> Boolean): Char defined in kotlin.text
public fun DoubleArray.first(): Double defined in kotlin.collections
public inline fun DoubleArray.first(predicate: (Double) -> Boolean): Double defined in kotlin.collections
public fun FloatArray.first(): Float defined in kotlin.collections
public inline fun FloatArray.first(predicate: (Float) -> Boolean): Float defined in kotlin.collections
public fun IntArray.first(): Int defined in kotlin.collections
public inline fun IntArray.first(predicate: (Int) -> Boolean): Int defined in kotlin.collections
public fun LongArray.first(): Long defined in kotlin.collections
public inline fun LongArray.first(predicate: (Long) -> Boolean): Long defined in kotlin.collections
public fun ShortArray.first(): Short defined in kotlin.collections
public inline fun ShortArray.first(predicate: (Short) -> Boolean): Short defined in kotlin.collections
public inline fun UByteArray.first(): UByte defined in kotlin.collections
public inline fun UByteArray.first(predicate: (UByte) -> Boolean): UByte defined in kotlin.collections
public inline fun UIntArray.first(): UInt defined in kotlin.collections
public inline fun UIntArray.first(predicate: (UInt) -> Boolean): UInt defined in kotlin.collections
public inline fun ULongArray.first(): ULong defined in kotlin.collections
public inline fun ULongArray.first(predicate: (ULong) -> Boolean): ULong defined in kotlin.collections
public inline fun UShortArray.first(): UShort defined in kotlin.collections
public inline fun UShortArray.first(predicate: (UShort) -> Boolean): UShort defined in kotlin.collections
public fun <T> Iterable<TypeVariable(T)>.first(): TypeVariable(T) defined in kotlin.collections
public inline fun <T> Iterable<TypeVariable(T)>.first(predicate: (TypeVariable(T)) -> Boolean): TypeVariable(T) 
defined in kotlin.collections
public fun <T> List<TypeVariable(T)>.first(): TypeVariable(T) defined in kotlin.collections
public fun CharProgression.first(): Char defined in kotlin.ranges
public fun IntProgression.first(): Int defined in kotlin.ranges
public fun LongProgression.first(): Long defined in kotlin.ranges
public fun UIntProgression.first(): UInt defined in kotlin.ranges
public fun ULongProgression.first(): ULong defined in kotlin.ranges
public fun <T> Sequence<TypeVariable(T)>.first(): TypeVariable(T) defined in kotlin.sequences
public inline fun <T> Sequence<TypeVariable(T)>.first(predicate: (TypeVariable(T)) -> Boolean): TypeVariable(T) 
defined in kotlin.sequences
e: file:///C:/Users/dell/Desktop/jayma/app/src/main/java/com/jayma/pos/ui/viewmodel/SalesReportViewModel.kt:56:55 
Unresolved reference: it
e: file:///C:/Users/dell/Desktop/jayma/app/src/main/java/com/jayma/pos/ui/viewmodel/SalesReportViewModel.kt:58:48 
Unresolved reference: it
e: file:///C:/Users/dell/Desktop/jayma/app/src/main/java/com/jayma/pos/util/PerformanceMonitor.kt:18:14 Public-API 
inline function cannot access non-public-API 'private final val isDebug: Boolean defined in 
com.jayma.pos.util.PerformanceMonitor'
e: file:///C:/Users/dell/Desktop/jayma/app/src/main/java/com/jayma/pos/util/PerformanceMonitor.kt:35:14 Public-API 
inline function cannot access non-public-API 'private final val isDebug: Boolean defined in 
com.jayma.pos.util.PerformanceMonitor'
e: file:///C:/Users/dell/Desktop/jayma/app/src/main/java/com/jayma/pos/util/printer/PrinterService.kt:10:27 Unresolved 
reference: Printer
e: file:///C:/Users/dell/Desktop/jayma/app/src/main/java/com/jayma/pos/util/printer/PrinterService.kt:11:27 Unresolved 
reference: PrinterCallback
e: file:///C:/Users/dell/Desktop/jayma/app/src/main/java/com/jayma/pos/util/printer/PrinterService.kt:13:33 Unresolved 
reference: AlignType
e: file:///C:/Users/dell/Desktop/jayma/app/src/main/java/com/jayma/pos/util/printer/PrinterService.kt:14:33 Unresolved 
reference: FontType
e: file:///C:/Users/dell/Desktop/jayma/app/src/main/java/com/jayma/pos/util/printer/PrinterService.kt:15:33 Unresolved 
reference: PaperType
e: file:///C:/Users/dell/Desktop/jayma/app/src/main/java/com/jayma/pos/util/printer/PrinterService.kt:34:26 Unresolved 
reference: Printer
e: file:///C:/Users/dell/Desktop/jayma/app/src/main/java/com/jayma/pos/util/printer/PrinterService.kt:47:23 Unresolved 
reference: Printer
e: file:///C:/Users/dell/Desktop/jayma/app/src/main/java/com/jayma/pos/util/printer/PrinterService.kt:47:52 Unresolved 
reference: PaperType
e: file:///C:/Users/dell/Desktop/jayma/app/src/main/java/com/jayma/pos/util/printer/PrinterService.kt:50:43 Unresolved 
reference: PrinterCallback
e: file:///C:/Users/dell/Desktop/jayma/app/src/main/java/com/jayma/pos/util/printer/PrinterService.kt:51:17 
'onException' overrides nothing
e: file:///C:/Users/dell/Desktop/jayma/app/src/main/java/com/jayma/pos/util/printer/PrinterService.kt:269:31 
Unresolved reference: AlignType
e: file:///C:/Users/dell/Desktop/jayma/app/src/main/java/com/jayma/pos/util/printer/PrinterService.kt:273:38 
Unresolved reference: FontType
e: file:///C:/Users/dell/Desktop/jayma/app/src/main/java/com/jayma/pos/util/printer/PrinterService.kt:275:38 
Unresolved reference: FontType
e: file:///C:/Users/dell/Desktop/jayma/app/src/main/java/com/jayma/pos/util/printer/PrinterService.kt:277:38 
Unresolved reference: FontType
e: file:///C:/Users/dell/Desktop/jayma/app/src/main/java/com/jayma/pos/util/printer/PrinterService.kt:279:38 
Unresolved reference: FontType
e: file:///C:/Users/dell/Desktop/jayma/app/src/main/java/com/jayma/pos/util/printer/PrinterService.kt:304:31 
Unresolved reference: AlignType
e: file:///C:/Users/dell/Desktop/jayma/app/src/main/java/com/jayma/pos/util/printer/PrinterService.kt:308:38 
Unresolved reference: FontType
e: file:///C:/Users/dell/Desktop/jayma/app/src/main/java/com/jayma/pos/util/printer/PrinterService.kt:310:38 
Unresolved reference: FontType
e: file:///C:/Users/dell/Desktop/jayma/app/src/main/java/com/jayma/pos/util/printer/PrinterService.kt:312:38 
Unresolved reference: FontType
e: file:///C:/Users/dell/Desktop/jayma/app/src/main/java/com/jayma/pos/util/printer/PrinterService.kt:314:38 
Unresolved reference: FontType
e: file:///C:/Users/dell/Desktop/jayma/app/src/main/java/com/jayma/pos/util/scanner/BarcodeScannerService.kt:7:27 
Unresolved reference: tasks
e: file:///C:/Users/dell/Desktop/jayma/app/src/main/java/com/jayma/pos/util/scanner/BarcodeScannerService.kt:23:51 
Unresolved reference: await
e: file:///C:/Users/dell/Desktop/jayma/app/src/main/java/com/jayma/pos/util/scanner/BarcodeScannerService.kt:39:51 
Unresolved reference: await
e: file:///C:/Users/dell/Desktop/jayma/app/src/main/java/com/jayma/pos/util/scanner/BarcodeScannerService.kt:41:35 
Unresolved reference: it

FAILURE: Build failed with an exception.

* What went wrong:
Execution failed for task ':app:compileDebugKotlin'.
> A failure occurred while executing 
org.jetbrains.kotlin.compilerRunner.GradleCompilerRunnerWithWorkers$GradleKotlinCompilerWorkAction
   > Compilation error. See log for more details

* Try:
> Run with --stacktrace option to get the stack trace.
> Run with --info or --debug option to get more log output.
> Run with --scan to get full insights.
> Get more help at https://help.gradle.org.

BUILD FAILED in 31s
35 actionable tasks: 34 executed, 1 up-to-date
