> Task :app:preBuild UP-TO-DATE
> Task :app:preDebugBuild UP-TO-DATE
> Task :app:mergeDebugNativeDebugMetadata NO-SOURCE
> Task :app:checkKotlinGradlePluginConfigurationErrors
> Task :app:dataBindingMergeDependencyArtifactsDebug UP-TO-DATE
> Task :app:generateDebugResValues UP-TO-DATE
> Task :app:generateDebugResources UP-TO-DATE
> Task :app:mergeDebugResources UP-TO-DATE
> Task :app:packageDebugResources UP-TO-DATE
> Task :app:parseDebugLocalResources UP-TO-DATE
> Task :app:dataBindingGenBaseClassesDebug UP-TO-DATE
> Task :app:generateDebugBuildConfig UP-TO-DATE
> Task :app:checkDebugAarMetadata UP-TO-DATE
> Task :app:mapDebugSourceSetPaths UP-TO-DATE
> Task :app:createDebugCompatibleScreenManifests UP-TO-DATE
> Task :app:extractDeepLinksDebug UP-TO-DATE
> Task :app:processDebugMainManifest UP-TO-DATE
> Task :app:processDebugManifest UP-TO-DATE
> Task :app:processDebugManifestForPackage UP-TO-DATE
> Task :app:processDebugResources UP-TO-DATE
> Task :app:kaptGenerateStubsDebugKotlin UP-TO-DATE
> Task :app:kaptDebugKotlin UP-TO-DATE
> Task :app:javaPreCompileDebug UP-TO-DATE
> Task :app:mergeDebugShaders UP-TO-DATE
> Task :app:compileDebugShaders NO-SOURCE
> Task :app:generateDebugAssets UP-TO-DATE
> Task :app:mergeDebugAssets UP-TO-DATE
> Task :app:compressDebugAssets UP-TO-DATE
> Task :app:desugarDebugFileDependencies UP-TO-DATE
> Task :app:checkDebugDuplicateClasses UP-TO-DATE
> Task :app:mergeExtDexDebug UP-TO-DATE
> Task :app:mergeLibDexDebug UP-TO-DATE
> Task :app:mergeDebugJniLibFolders UP-TO-DATE
> Task :app:mergeDebugNativeLibs UP-TO-DATE
> Task :app:stripDebugDebugSymbols UP-TO-DATE
> Task :app:validateSigningDebug UP-TO-DATE
> Task :app:writeDebugAppMetadata UP-TO-DATE
> Task :app:writeDebugSigningConfigVersions UP-TO-DATE

> Task :app:compileDebugKotlin FAILED
.\gradlew.bat : e: 
file:///C:/Users/dell/Desktop/jayma/app/src/main/java/com/jayma/pos/ui/scanner/BarcodeScannerFragment.kt:24:27 
Unresolved reference: tasks
At C:\Users\dell\AppData\Local\Temp\ps-script-66dcd920-c66b-4208-8d74-b85c01abf888.ps1:83 char:1
+ .\gradlew.bat assembleDebug 2>&1 | Out-File -FilePath "build_output.t ...
+ ~~~~~~~~~~~~~~~~~~~~~~~~~~~~~~~~
    + CategoryInfo          : NotSpecified: (e: file:///C:/U...eference: tasks:String) [], RemoteException
    + FullyQualifiedErrorId : NativeCommandError
 
e: file:///C:/Users/dell/Desktop/jayma/app/src/main/java/com/jayma/pos/ui/scanner/BarcodeScannerFragment.kt:178:59 
Unresolved reference: await
e: file:///C:/Users/dell/Desktop/jayma/app/src/main/java/com/jayma/pos/util/scanner/BarcodeScannerService.kt:7:27 
Unresolved reference: tasks
e: file:///C:/Users/dell/Desktop/jayma/app/src/main/java/com/jayma/pos/util/scanner/BarcodeScannerService.kt:23:51 
Unresolved reference: await
e: file:///C:/Users/dell/Desktop/jayma/app/src/main/java/com/jayma/pos/util/scanner/BarcodeScannerService.kt:39:51 
Unresolved reference: await
e: file:///C:/Users/dell/Desktop/jayma/app/src/main/java/com/jayma/pos/util/scanner/BarcodeScannerService.kt:41:35 
Unresolved reference: it

FAILURE: Build failed with an exception.

* What went wrong:
Execution failed for task ':app:compileDebugKotlin'.
> A failure occurred while executing 
org.jetbrains.kotlin.compilerRunner.GradleCompilerRunnerWithWorkers$GradleKotlinCompilerWorkAction
   > Compilation error. See log for more details

* Try:
> Run with --stacktrace option to get the stack trace.
> Run with --info or --debug option to get more log output.
> Run with --scan to get full insights.
> Get more help at https://help.gradle.org.
33 actionable tasks: 2 executed, 31 up-to-date

BUILD FAILED in 5s
